<?xml version="1.0" encoding="UTF-8"?>
<jcr:root xmlns:jcr="http://www.jcp.org/jcr/1.0"
    jcr:primaryType="cq:ClientLibraryFolder"
    allowProxy="{Boolean}true"
    categories="[test.base.apps.six,test.categorie.in.config]"
    customProperty="customValue"
    dependencies="test.base.apps.mainapp"
    embed="[test.base.apps.thirdapp]"/>
