<?xml version="1.0" encoding="UTF-8"?>
<jcr:root xmlns:cq="http://www.day.com/jcr/cq/1.0" xmlns:jcr="http://www.jcp.org/jcr/1.0"
    jcr:primaryType="cq:ClientLibraryFolder"
    categories="[test.base.apps.six,test.categorie.in.config]"
    embed="[test.base.apps.thirdapp]"
    dependencies="test.base.apps.mainapp"
    allowProxy="{Boolean}true"/>
