{
  "jcr:primaryType": "cq:ClientLibraryFolder",
  "categories": [
    "test.base.apps.five",
    "test.categorie.in.config"
  ],
  "dependencies": [
    "test.base.apps.mainapp"
  ],
  "embed": [
    "test.base.apps.thirdapp"
  ]
}
