{
  "jcr:primaryType": "cq:ClientLibraryFolder",
  "allowProxy": true,
  "categories": [
    "test.base.apps.mainapp"
  ],
  "cssProcessor": [
    "default:none",
    "min:none"
  ],
  "jsProcessor": [
    "default:none",
    "min:gcc"
  ],
  "longCacheKey": "${project.version}-${buildNumber}"
}
