<!DOCTYPE html>
<html>
<head lang="en">
  <meta charset="UTF-8">
  <title></title>
</head>
<body>
<h1>Test file</h1>
</body>
</html>